Archive member included because of file (symbol)

c:/winavr-20100110/bin/../lib/gcc/avr/4.3.3/avr5\libgcc.a(_mulsi3.o)
                              pff.o (__mulsi3)
c:/winavr-20100110/bin/../lib/gcc/avr/4.3.3/avr5\libgcc.a(_udivmodsi4.o)
                              pff.o (__udivmodsi4)
c:/winavr-20100110/bin/../lib/gcc/avr/4.3.3/avr5\libgcc.a(_exit.o)
                              c:/winavr-20100110/bin/../lib/gcc/avr/4.3.3/../../../../avr/lib/avr5/crtm64.o (exit)
c:/winavr-20100110/bin/../lib/gcc/avr/4.3.3/avr5\libgcc.a(_copy_data.o)
                              main.o (__do_copy_data)
c:/winavr-20100110/bin/../lib/gcc/avr/4.3.3/avr5\libgcc.a(_clear_bss.o)
                              pff.o (__do_clear_bss)
c:/winavr-20100110/bin/../lib/gcc/avr/4.3.3/../../../../avr/lib/avr5\libc.a(strcat.o)
                              main.o (strcat)

Allocating common symbols
Common symbol       size              file

Line                0x80              main.o

Memory Configuration

Name             Origin             Length             Attributes
text             0x00000000         0x00020000         xr
data             0x00800060         0x0000ffa0         rw !x
eeprom           0x00810000         0x00010000         rw !x
fuse             0x00820000         0x00000400         rw !x
lock             0x00830000         0x00000400         rw !x
signature        0x00840000         0x00000400         rw !x
*default*        0x00000000         0xffffffff

Linker script and memory map

Address of section .data set to 0x800100
LOAD c:/winavr-20100110/bin/../lib/gcc/avr/4.3.3/../../../../avr/lib/avr5/crtm64.o
LOAD pff.o
LOAD main.o
LOAD mmc.o
LOAD suart.o
LOAD xitoa.o
LOAD spi.o
LOAD c:/winavr-20100110/bin/../lib/gcc/avr/4.3.3/avr5\libgcc.a
LOAD c:/winavr-20100110/bin/../lib/gcc/avr/4.3.3/../../../../avr/lib/avr5\libc.a
LOAD c:/winavr-20100110/bin/../lib/gcc/avr/4.3.3/avr5\libgcc.a

.hash
 *(.hash)

.dynsym
 *(.dynsym)

.dynstr
 *(.dynstr)

.gnu.version
 *(.gnu.version)

.gnu.version_d
 *(.gnu.version_d)

.gnu.version_r
 *(.gnu.version_r)

.rel.init
 *(.rel.init)

.rela.init
 *(.rela.init)

.rel.text
 *(.rel.text)
 *(.rel.text.*)
 *(.rel.gnu.linkonce.t*)

.rela.text
 *(.rela.text)
 *(.rela.text.*)
 *(.rela.gnu.linkonce.t*)

.rel.fini
 *(.rel.fini)

.rela.fini
 *(.rela.fini)

.rel.rodata
 *(.rel.rodata)
 *(.rel.rodata.*)
 *(.rel.gnu.linkonce.r*)

.rela.rodata
 *(.rela.rodata)
 *(.rela.rodata.*)
 *(.rela.gnu.linkonce.r*)

.rel.data
 *(.rel.data)
 *(.rel.data.*)
 *(.rel.gnu.linkonce.d*)

.rela.data
 *(.rela.data)
 *(.rela.data.*)
 *(.rela.gnu.linkonce.d*)

.rel.ctors
 *(.rel.ctors)

.rela.ctors
 *(.rela.ctors)

.rel.dtors
 *(.rel.dtors)

.rela.dtors
 *(.rela.dtors)

.rel.got
 *(.rel.got)

.rela.got
 *(.rela.got)

.rel.bss
 *(.rel.bss)

.rela.bss
 *(.rela.bss)

.rel.plt
 *(.rel.plt)

.rela.plt
 *(.rela.plt)

.text           0x00000000     0x2284
 *(.vectors)
 .vectors       0x00000000       0x8c c:/winavr-20100110/bin/../lib/gcc/avr/4.3.3/../../../../avr/lib/avr5/crtm64.o
                0x00000000                __vectors
                0x00000000                __vector_default
 *(.vectors)
 *(.progmem.gcc*)
 *(.progmem*)
 .progmem.data  0x0000008c      0x107 main.o
                0x00000194                . = ALIGN (0x2)
 *fill*         0x00000193        0x1 00
                0x00000194                __trampolines_start = .
 *(.trampolines)
 .trampolines   0x00000194        0x0 linker stubs
 *(.trampolines*)
                0x00000194                __trampolines_end = .
 *(.jumptables)
 *(.jumptables*)
 *(.lowtext)
 *(.lowtext*)
                0x00000194                __ctors_start = .
 *(.ctors)
                0x00000194                __ctors_end = .
                0x00000194                __dtors_start = .
 *(.dtors)
                0x00000194                __dtors_end = .
 SORT(*)(.ctors)
 SORT(*)(.dtors)
 *(.init0)
 .init0         0x00000194        0x0 c:/winavr-20100110/bin/../lib/gcc/avr/4.3.3/../../../../avr/lib/avr5/crtm64.o
                0x00000194                __init
 *(.init0)
 *(.init1)
 *(.init1)
 *(.init2)
 .init2         0x00000194        0xc c:/winavr-20100110/bin/../lib/gcc/avr/4.3.3/../../../../avr/lib/avr5/crtm64.o
 *(.init2)
 *(.init3)
 *(.init3)
 *(.init4)
 .init4         0x000001a0       0x16 c:/winavr-20100110/bin/../lib/gcc/avr/4.3.3/avr5\libgcc.a(_copy_data.o)
                0x000001a0                __do_copy_data
 .init4         0x000001b6       0x10 c:/winavr-20100110/bin/../lib/gcc/avr/4.3.3/avr5\libgcc.a(_clear_bss.o)
                0x000001b6                __do_clear_bss
 *(.init4)
 *(.init5)
 *(.init5)
 *(.init6)
 *(.init6)
 *(.init7)
 *(.init7)
 *(.init8)
 *(.init8)
 *(.init9)
 .init9         0x000001c6        0x8 c:/winavr-20100110/bin/../lib/gcc/avr/4.3.3/../../../../avr/lib/avr5/crtm64.o
 *(.init9)
 *(.text)
 .text          0x000001ce        0x4 c:/winavr-20100110/bin/../lib/gcc/avr/4.3.3/../../../../avr/lib/avr5/crtm64.o
                0x000001ce                __vector_22
                0x000001ce                __vector_28
                0x000001ce                __vector_1
                0x000001ce                __vector_32
                0x000001ce                __vector_34
                0x000001ce                __vector_24
                0x000001ce                __vector_12
                0x000001ce                __bad_interrupt
                0x000001ce                __vector_6
                0x000001ce                __vector_31
                0x000001ce                __vector_3
                0x000001ce                __vector_23
                0x000001ce                __vector_30
                0x000001ce                __vector_25
                0x000001ce                __vector_11
                0x000001ce                __vector_13
                0x000001ce                __vector_17
                0x000001ce                __vector_19
                0x000001ce                __vector_7
                0x000001ce                __vector_27
                0x000001ce                __vector_5
                0x000001ce                __vector_33
                0x000001ce                __vector_4
                0x000001ce                __vector_9
                0x000001ce                __vector_2
                0x000001ce                __vector_21
                0x000001ce                __vector_15
                0x000001ce                __vector_29
                0x000001ce                __vector_8
                0x000001ce                __vector_26
                0x000001ce                __vector_14
                0x000001ce                __vector_10
                0x000001ce                __vector_16
                0x000001ce                __vector_18
                0x000001ce                __vector_20
 .text          0x000001d2     0x1374 pff.o
                0x00000886                pf_readdir
                0x00000610                pf_lseek
                0x00000dce                pf_read
                0x00000d00                pf_open
                0x00000c54                pf_opendir
                0x0000108e                pf_write
                0x000012fc                pf_mount
 .text          0x00001546      0x68a main.o
                0x00001692                main
 .text          0x00001bd0      0x3a4 mmc.o
                0x00001ebc                disk_readp
                0x00001d4c                disk_initialize
                0x00001c68                disk_writep
 .text          0x00001f74       0x46 suart.o
                0x00001f94                rcvr
                0x00001f74                xmit
 .text          0x00001fba      0x218 xitoa.o
                0x00001fea                xitoa
                0x0000211c                xatoi
                0x00002060                xprintf
                0x00001fdc                xputs
                0x00001fba                xputc
 .text          0x000021d2       0x16 spi.o
                0x000021d2                xmit_spi
                0x000021dc                rcv_spi
 .text          0x000021e8        0x0 c:/winavr-20100110/bin/../lib/gcc/avr/4.3.3/avr5\libgcc.a(_mulsi3.o)
 .text          0x000021e8        0x0 c:/winavr-20100110/bin/../lib/gcc/avr/4.3.3/avr5\libgcc.a(_udivmodsi4.o)
 .text          0x000021e8        0x0 c:/winavr-20100110/bin/../lib/gcc/avr/4.3.3/avr5\libgcc.a(_exit.o)
 .text          0x000021e8        0x0 c:/winavr-20100110/bin/../lib/gcc/avr/4.3.3/avr5\libgcc.a(_copy_data.o)
 .text          0x000021e8        0x0 c:/winavr-20100110/bin/../lib/gcc/avr/4.3.3/avr5\libgcc.a(_clear_bss.o)
 .text          0x000021e8        0x0 c:/winavr-20100110/bin/../lib/gcc/avr/4.3.3/../../../../avr/lib/avr5\libc.a(strcat.o)
                0x000021e8                . = ALIGN (0x2)
 *(.text.*)
 .text.libgcc   0x000021e8       0x3e c:/winavr-20100110/bin/../lib/gcc/avr/4.3.3/avr5\libgcc.a(_mulsi3.o)
                0x000021e8                __mulsi3
 .text.libgcc   0x00002226       0x44 c:/winavr-20100110/bin/../lib/gcc/avr/4.3.3/avr5\libgcc.a(_udivmodsi4.o)
                0x00002226                __udivmodsi4
 .text.libgcc   0x0000226a        0x0 c:/winavr-20100110/bin/../lib/gcc/avr/4.3.3/avr5\libgcc.a(_exit.o)
 .text.libgcc   0x0000226a        0x0 c:/winavr-20100110/bin/../lib/gcc/avr/4.3.3/avr5\libgcc.a(_copy_data.o)
 .text.libgcc   0x0000226a        0x0 c:/winavr-20100110/bin/../lib/gcc/avr/4.3.3/avr5\libgcc.a(_clear_bss.o)
 .text.avr-libc
                0x0000226a       0x16 c:/winavr-20100110/bin/../lib/gcc/avr/4.3.3/../../../../avr/lib/avr5\libc.a(strcat.o)
                0x0000226a                strcat
                0x00002280                . = ALIGN (0x2)
 *(.fini9)
 .fini9         0x00002280        0x0 c:/winavr-20100110/bin/../lib/gcc/avr/4.3.3/avr5\libgcc.a(_exit.o)
                0x00002280                exit
                0x00002280                _exit
 *(.fini9)
 *(.fini8)
 *(.fini8)
 *(.fini7)
 *(.fini7)
 *(.fini6)
 *(.fini6)
 *(.fini5)
 *(.fini5)
 *(.fini4)
 *(.fini4)
 *(.fini3)
 *(.fini3)
 *(.fini2)
 *(.fini2)
 *(.fini1)
 *(.fini1)
 *(.fini0)
 .fini0         0x00002280        0x4 c:/winavr-20100110/bin/../lib/gcc/avr/4.3.3/avr5\libgcc.a(_exit.o)
 *(.fini0)
                0x00002284                _etext = .

.data           0x00800100        0x4 load address 0x00002284
                0x00800100                PROVIDE (__data_start, .)
 *(.data)
 .data          0x00800100        0x0 c:/winavr-20100110/bin/../lib/gcc/avr/4.3.3/../../../../avr/lib/avr5/crtm64.o
 .data          0x00800100        0x0 pff.o
 .data          0x00800100        0x3 main.o
 .data          0x00800103        0x0 mmc.o
 .data          0x00800103        0x0 suart.o
 .data          0x00800103        0x0 xitoa.o
 .data          0x00800103        0x0 spi.o
 .data          0x00800103        0x0 c:/winavr-20100110/bin/../lib/gcc/avr/4.3.3/avr5\libgcc.a(_mulsi3.o)
 .data          0x00800103        0x0 c:/winavr-20100110/bin/../lib/gcc/avr/4.3.3/avr5\libgcc.a(_udivmodsi4.o)
 .data          0x00800103        0x0 c:/winavr-20100110/bin/../lib/gcc/avr/4.3.3/avr5\libgcc.a(_exit.o)
 .data          0x00800103        0x0 c:/winavr-20100110/bin/../lib/gcc/avr/4.3.3/avr5\libgcc.a(_copy_data.o)
 .data          0x00800103        0x0 c:/winavr-20100110/bin/../lib/gcc/avr/4.3.3/avr5\libgcc.a(_clear_bss.o)
 .data          0x00800103        0x0 c:/winavr-20100110/bin/../lib/gcc/avr/4.3.3/../../../../avr/lib/avr5\libc.a(strcat.o)
 *(.data*)
 *(.rodata)
 *(.rodata*)
 *(.gnu.linkonce.d*)
                0x00800104                . = ALIGN (0x2)
 *fill*         0x00800103        0x1 00
                0x00800104                _edata = .
                0x00800104                PROVIDE (__data_end, .)

.bss            0x00800104       0x87
                0x00800104                PROVIDE (__bss_start, .)
 *(.bss)
 .bss           0x00800104        0x0 c:/winavr-20100110/bin/../lib/gcc/avr/4.3.3/../../../../avr/lib/avr5/crtm64.o
 .bss           0x00800104        0x2 pff.o
 .bss           0x00800106        0x0 main.o
 .bss           0x00800106        0x3 mmc.o
 .bss           0x00800109        0x0 suart.o
 .bss           0x00800109        0x2 xitoa.o
                0x00800109                xfunc_out
 .bss           0x0080010b        0x0 spi.o
 .bss           0x0080010b        0x0 c:/winavr-20100110/bin/../lib/gcc/avr/4.3.3/avr5\libgcc.a(_mulsi3.o)
 .bss           0x0080010b        0x0 c:/winavr-20100110/bin/../lib/gcc/avr/4.3.3/avr5\libgcc.a(_udivmodsi4.o)
 .bss           0x0080010b        0x0 c:/winavr-20100110/bin/../lib/gcc/avr/4.3.3/avr5\libgcc.a(_exit.o)
 .bss           0x0080010b        0x0 c:/winavr-20100110/bin/../lib/gcc/avr/4.3.3/avr5\libgcc.a(_copy_data.o)
 .bss           0x0080010b        0x0 c:/winavr-20100110/bin/../lib/gcc/avr/4.3.3/avr5\libgcc.a(_clear_bss.o)
 .bss           0x0080010b        0x0 c:/winavr-20100110/bin/../lib/gcc/avr/4.3.3/../../../../avr/lib/avr5\libc.a(strcat.o)
 *(.bss*)
 *(COMMON)
 COMMON         0x0080010b       0x80 main.o
                0x0080010b                Line
                0x0080018b                PROVIDE (__bss_end, .)
                0x00002284                __data_load_start = LOADADDR (.data)
                0x00002288                __data_load_end = (__data_load_start + SIZEOF (.data))

.noinit         0x0080018b        0x0
                0x0080018b                PROVIDE (__noinit_start, .)
 *(.noinit*)
                0x0080018b                PROVIDE (__noinit_end, .)
                0x0080018b                _end = .
                0x0080018b                PROVIDE (__heap_start, .)

.eeprom         0x00810000        0x0
 *(.eeprom*)
                0x00810000                __eeprom_end = .

.fuse
 *(.fuse)
 *(.lfuse)
 *(.hfuse)
 *(.efuse)

.lock
 *(.lock*)

.signature
 *(.signature*)

.stab
 *(.stab)

.stabstr
 *(.stabstr)

.stab.excl
 *(.stab.excl)

.stab.exclstr
 *(.stab.exclstr)

.stab.index
 *(.stab.index)

.stab.indexstr
 *(.stab.indexstr)

.comment
 *(.comment)

.debug
 *(.debug)

.line
 *(.line)

.debug_srcinfo
 *(.debug_srcinfo)

.debug_sfnames
 *(.debug_sfnames)

.debug_aranges  0x00000000       0xc0
 *(.debug_aranges)
 .debug_aranges
                0x00000000       0x20 pff.o
 .debug_aranges
                0x00000020       0x20 main.o
 .debug_aranges
                0x00000040       0x20 mmc.o
 .debug_aranges
                0x00000060       0x20 suart.o
 .debug_aranges
                0x00000080       0x20 xitoa.o
 .debug_aranges
                0x000000a0       0x20 spi.o

.debug_pubnames
                0x00000000      0x103
 *(.debug_pubnames)
 .debug_pubnames
                0x00000000       0x6f pff.o
 .debug_pubnames
                0x0000006f       0x24 main.o
 .debug_pubnames
                0x00000093       0x45 mmc.o
 .debug_pubnames
                0x000000d8       0x2b spi.o

.debug_info     0x00000000     0x18dd
 *(.debug_info)
 .debug_info    0x00000000      0xd6b pff.o
 .debug_info    0x00000d6b      0x6d8 main.o
 .debug_info    0x00001443      0x2d5 mmc.o
 .debug_info    0x00001718       0x6e suart.o
 .debug_info    0x00001786       0x6e xitoa.o
 .debug_info    0x000017f4       0xe9 spi.o
 *(.gnu.linkonce.wi.*)

.debug_abbrev   0x00000000      0x67b
 *(.debug_abbrev)
 .debug_abbrev  0x00000000      0x2dc pff.o
 .debug_abbrev  0x000002dc      0x1b0 main.o
 .debug_abbrev  0x0000048c      0x120 mmc.o
 .debug_abbrev  0x000005ac       0x14 suart.o
 .debug_abbrev  0x000005c0       0x14 xitoa.o
 .debug_abbrev  0x000005d4       0xa7 spi.o

.debug_line     0x00000000     0x13be
 *(.debug_line)
 .debug_line    0x00000000      0xa47 pff.o
 .debug_line    0x00000a47      0x459 main.o
 .debug_line    0x00000ea0      0x2d3 mmc.o
 .debug_line    0x00001173       0x5c suart.o
 .debug_line    0x000011cf      0x148 xitoa.o
 .debug_line    0x00001317       0xa7 spi.o

.debug_frame    0x00000000      0x1a0
 *(.debug_frame)
 .debug_frame   0x00000000       0xd0 pff.o
 .debug_frame   0x000000d0       0x50 main.o
 .debug_frame   0x00000120       0x50 mmc.o
 .debug_frame   0x00000170       0x30 spi.o

.debug_str      0x00000000      0x3da
 *(.debug_str)
 .debug_str     0x00000000      0x2de pff.o
                                0x33b (size before relaxing)
 .debug_str     0x000002de       0x8c main.o
                                0x282 (size before relaxing)
 .debug_str     0x0000036a       0x56 mmc.o
                                0x167 (size before relaxing)
 .debug_str     0x000003c0       0x1a spi.o
                                 0xf1 (size before relaxing)

.debug_loc      0x00000000     0x1e96
 *(.debug_loc)
 .debug_loc     0x00000000     0x14ad pff.o
 .debug_loc     0x000014ad      0x564 main.o
 .debug_loc     0x00001a11      0x472 mmc.o
 .debug_loc     0x00001e83       0x13 spi.o

.debug_macinfo
 *(.debug_macinfo)
OUTPUT(peteit_fs_sample.elf elf32-avr)
LOAD linker stubs

.debug_ranges   0x00000000       0xa0
 .debug_ranges  0x00000000       0xa0 pff.o
